2026-02-24T21:54:19.823Z wat4: gwa4 won the war against wat4.
2026-02-24T21:57:41.695Z wat4: gwa4 won the war against wat4.
2026-02-24T21:58:59.759Z gwa4: wat4 won the war against gwa4.
2026-02-24T21:59:03.172Z gwa4: wat4 won the war against gwa4.
2026-02-24T21:59:05.217Z gwa4: wat4 won the war against gwa4.
2026-02-24T22:11:31.126Z gwa4: wat4 won the war against gwa4.
2026-02-24T22:11:34.250Z gwa4: wat4 won the war against gwa4.
2026-02-24T22:11:35.404Z gwa4: wat4 won the war against gwa4.
2026-02-24T22:11:38.344Z gwa4: wat4 won the war against gwa4.
2026-02-24T22:11:39.463Z gwa4: wat4 won the war against gwa4.
2026-02-24T22:11:40.546Z gwa4: wat4 won the war against gwa4.
2026-02-24T22:15:14.813Z gwa4: The hardest thing of all for a soldier is to retreat.
2026-02-24T22:15:14.815Z gwa4: Never interrupt your enemy when he is making a mistake.
2026-02-24T22:15:14.816Z gwa4: The art of war is simple enough. Find out where your enemy is. Get at him as soon as you can. Strike him as hard as you can, and keep moving on.
2026-02-24T22:15:14.818Z gwa4: A soldier will fight long and hard for a bit of colored ribbon.
2026-02-24T22:15:14.819Z gwa4: It is well that war is so terrible, otherwise we should grow too fond of it.
2026-02-24T22:15:14.821Z gwa4: The hardest thing of all for a soldier is to retreat.
2026-02-24T22:15:14.821Z gwa4: The hardest thing of all for a soldier is to retreat.
2026-02-24T22:15:14.822Z gwa4: All warfare is based on deception.
2026-02-24T22:15:14.822Z gwa4: It is well that war is so terrible, otherwise we should grow too fond of it.
2026-02-24T22:15:14.822Z gwa4: It is well that war is so terrible, otherwise we should grow too fond of it.
2026-02-24T22:15:14.823Z gwa4: The hardest thing of all for a soldier is to retreat.
2026-02-24T22:15:14.823Z gwa4: It is well that war is so terrible, otherwise we should grow too fond of it.
2026-02-24T22:15:14.824Z gwa4: All warfare is based on deception.
2026-02-24T22:15:14.824Z gwa4: Never interrupt your enemy when he is making a mistake.
2026-02-24T22:15:14.826Z gwa4: Never interrupt your enemy when he is making a mistake.
2026-02-24T22:15:14.827Z gwa4: It is well that war is so terrible, otherwise we should grow too fond of it.
2026-02-24T22:15:14.828Z gwa4: The hardest thing of all for a soldier is to retreat.
2026-02-24T22:15:14.828Z gwa4: It is well that war is so terrible, otherwise we should grow too fond of it.
2026-02-24T22:15:14.829Z gwa4: A soldier will fight long and hard for a bit of colored ribbon.
2026-02-24T22:15:14.829Z gwa4: Never interrupt your enemy when he is making a mistake.
2026-02-24T22:15:14.829Z gwa4: A soldier will fight long and hard for a bit of colored ribbon.
2026-02-24T22:15:14.830Z gwa4: The hardest thing of all for a soldier is to retreat.
2026-02-24T22:15:14.830Z gwa4: It is well that war is so terrible, otherwise we should grow too fond of it.
2026-02-24T22:15:14.830Z gwa4: A soldier will fight long and hard for a bit of colored ribbon.
2026-02-24T22:15:14.831Z gwa4: All warfare is based on deception.
2026-02-24T22:15:14.831Z gwa4: The hardest thing of all for a soldier is to retreat.
2026-02-24T22:15:14.831Z gwa4: All warfare is based on deception.
2026-02-24T22:15:14.832Z gwa4: The art of war is simple enough. Find out where your enemy is. Get at him as soon as you can. Strike him as hard as you can, and keep moving on.
2026-02-24T22:15:14.832Z gwa4: The art of war is simple enough. Find out where your enemy is. Get at him as soon as you can. Strike him as hard as you can, and keep moving on.
2026-02-24T22:15:14.833Z gwa4: Never interrupt your enemy when he is making a mistake.
2026-02-24T22:15:14.833Z gwa4: The hardest thing of all for a soldier is to retreat.
2026-02-24T22:15:14.834Z gwa4: Never interrupt your enemy when he is making a mistake.
2026-02-24T22:15:14.834Z gwa4: It is well that war is so terrible, otherwise we should grow too fond of it.
2026-02-24T22:15:14.834Z gwa4: It is well that war is so terrible, otherwise we should grow too fond of it.
2026-02-24T22:15:14.835Z gwa4: The hardest thing of all for a soldier is to retreat.
2026-02-24T22:15:14.835Z gwa4: All warfare is based on deception.
2026-02-24T22:15:14.835Z gwa4: The art of war is simple enough. Find out where your enemy is. Get at him as soon as you can. Strike him as hard as you can, and keep moving on.
2026-02-24T22:15:14.836Z gwa4: Never interrupt your enemy when he is making a mistake.
2026-02-24T22:15:14.836Z gwa4: Never interrupt your enemy when he is making a mistake.
2026-02-24T22:15:14.836Z gwa4: A soldier will fight long and hard for a bit of colored ribbon.
2026-02-24T22:15:14.836Z gwa4: Never interrupt your enemy when he is making a mistake.
2026-02-24T22:15:14.837Z gwa4: The hardest thing of all for a soldier is to retreat.
2026-02-24T22:15:14.837Z gwa4: All warfare is based on deception.
2026-02-24T22:15:14.837Z gwa4: Never interrupt your enemy when he is making a mistake.
2026-02-24T22:15:14.837Z gwa4: A soldier will fight long and hard for a bit of colored ribbon.
2026-02-24T22:15:14.838Z gwa4: It is well that war is so terrible, otherwise we should grow too fond of it.
2026-02-24T22:15:14.838Z gwa4: The hardest thing of all for a soldier is to retreat.
2026-02-24T22:15:14.838Z gwa4: A soldier will fight long and hard for a bit of colored ribbon.
2026-02-24T22:15:14.838Z gwa4: Never interrupt your enemy when he is making a mistake.
2026-02-24T22:15:14.839Z gwa4: The art of war is simple enough. Find out where your enemy is. Get at him as soon as you can. Strike him as hard as you can, and keep moving on.
2026-02-24T22:15:14.839Z gwa4: The hardest thing of all for a soldier is to retreat.
2026-02-24T22:15:14.839Z gwa4: A soldier will fight long and hard for a bit of colored ribbon.
2026-02-24T22:15:14.839Z gwa4: The hardest thing of all for a soldier is to retreat.
2026-02-24T22:15:14.840Z gwa4: The art of war is simple enough. Find out where your enemy is. Get at him as soon as you can. Strike him as hard as you can, and keep moving on.
2026-02-24T22:15:14.840Z gwa4: The art of war is simple enough. Find out where your enemy is. Get at him as soon as you can. Strike him as hard as you can, and keep moving on.
2026-02-24T22:15:14.840Z gwa4: It is well that war is so terrible, otherwise we should grow too fond of it.
2026-02-24T22:15:14.841Z gwa4: The art of war is simple enough. Find out where your enemy is. Get at him as soon as you can. Strike him as hard as you can, and keep moving on.
2026-02-24T22:15:14.841Z gwa4: All warfare is based on deception.
2026-02-24T22:15:14.841Z gwa4: It is well that war is so terrible, otherwise we should grow too fond of it.
2026-02-24T22:15:14.841Z gwa4: The hardest thing of all for a soldier is to retreat.
2026-02-24T22:15:14.842Z gwa4: The hardest thing of all for a soldier is to retreat.
2026-02-24T22:15:14.842Z gwa4: The hardest thing of all for a soldier is to retreat.
2026-02-24T22:15:14.842Z gwa4: The hardest thing of all for a soldier is to retreat.
2026-02-24T22:15:14.842Z gwa4: Never interrupt your enemy when he is making a mistake.
2026-02-24T22:15:14.842Z gwa4: All warfare is based on deception.
2026-02-24T22:15:14.843Z gwa4: Never interrupt your enemy when he is making a mistake.
2026-02-24T22:15:14.843Z gwa4: A soldier will fight long and hard for a bit of colored ribbon.
2026-02-24T22:15:14.843Z gwa4: A soldier will fight long and hard for a bit of colored ribbon.
2026-02-24T22:15:14.843Z gwa4: All warfare is based on deception.
2026-02-24T22:15:14.844Z gwa4: It is well that war is so terrible, otherwise we should grow too fond of it.
2026-02-24T22:15:14.844Z gwa4: The hardest thing of all for a soldier is to retreat.
2026-02-24T22:15:14.844Z gwa4: A soldier will fight long and hard for a bit of colored ribbon.
2026-02-24T22:15:14.844Z gwa4: The hardest thing of all for a soldier is to retreat.
2026-02-24T22:15:14.844Z gwa4: It is well that war is so terrible, otherwise we should grow too fond of it.
2026-02-24T22:15:14.844Z gwa4: All warfare is based on deception.
2026-02-24T22:15:14.845Z gwa4: The hardest thing of all for a soldier is to retreat.
2026-02-24T22:15:14.845Z gwa4: The hardest thing of all for a soldier is to retreat.
2026-02-24T22:15:14.845Z gwa4: It is well that war is so terrible, otherwise we should grow too fond of it.
2026-02-24T22:15:14.845Z gwa4: A soldier will fight long and hard for a bit of colored ribbon.
2026-02-24T22:15:14.845Z gwa4: Never interrupt your enemy when he is making a mistake.
2026-02-24T22:15:14.845Z gwa4: The hardest thing of all for a soldier is to retreat.
2026-02-24T22:15:14.846Z gwa4: The art of war is simple enough. Find out where your enemy is. Get at him as soon as you can. Strike him as hard as you can, and keep moving on.
2026-02-24T22:15:14.846Z gwa4: The hardest thing of all for a soldier is to retreat.
2026-02-24T22:15:14.846Z gwa4: It is well that war is so terrible, otherwise we should grow too fond of it.
2026-02-24T22:15:14.846Z gwa4: The art of war is simple enough. Find out where your enemy is. Get at him as soon as you can. Strike him as hard as you can, and keep moving on.
2026-02-24T22:15:14.847Z gwa4: Never interrupt your enemy when he is making a mistake.
2026-02-24T22:15:14.847Z gwa4: The hardest thing of all for a soldier is to retreat.
2026-02-24T22:15:14.847Z gwa4: Never interrupt your enemy when he is making a mistake.
2026-02-24T22:15:14.847Z gwa4: The art of war is simple enough. Find out where your enemy is. Get at him as soon as you can. Strike him as hard as you can, and keep moving on.
2026-02-24T22:15:14.847Z gwa4: It is well that war is so terrible, otherwise we should grow too fond of it.
2026-02-24T22:15:14.847Z gwa4: Never interrupt your enemy when he is making a mistake.
2026-02-24T22:15:14.848Z gwa4: The hardest thing of all for a soldier is to retreat.
2026-02-24T22:15:14.848Z gwa4: The art of war is simple enough. Find out where your enemy is. Get at him as soon as you can. Strike him as hard as you can, and keep moving on.
2026-02-24T22:15:14.848Z gwa4: Never interrupt your enemy when he is making a mistake.
2026-02-24T22:15:14.848Z gwa4: A soldier will fight long and hard for a bit of colored ribbon.
2026-02-24T22:15:14.848Z gwa4: All warfare is based on deception.
2026-02-24T22:15:14.848Z gwa4: A soldier will fight long and hard for a bit of colored ribbon.
2026-02-24T22:15:14.849Z gwa4: All warfare is based on deception.
2026-02-24T22:15:14.849Z gwa4: All warfare is based on deception.
2026-02-24T22:15:14.849Z gwa4: Never interrupt your enemy when he is making a mistake.
2026-02-24T22:15:14.849Z gwa4: The art of war is simple enough. Find out where your enemy is. Get at him as soon as you can. Strike him as hard as you can, and keep moving on.
2026-02-24T22:15:14.849Z gwa4: A soldier will fight long and hard for a bit of colored ribbon.
2026-02-24T22:15:14.849Z gwa4: Never interrupt your enemy when he is making a mistake.
2026-02-24T22:15:14.849Z gwa4: It is well that war is so terrible, otherwise we should grow too fond of it.
2026-02-24T22:15:14.850Z gwa4: All warfare is based on deception.
2026-02-24T22:15:14.850Z gwa4: The hardest thing of all for a soldier is to retreat.
2026-02-24T22:15:14.850Z gwa4: The hardest thing of all for a soldier is to retreat.
2026-02-24T22:15:14.850Z gwa4: Never interrupt your enemy when he is making a mistake.
2026-02-24T22:15:14.850Z gwa4: It is well that war is so terrible, otherwise we should grow too fond of it.
2026-02-24T22:15:14.850Z gwa4: The hardest thing of all for a soldier is to retreat.
2026-02-24T22:15:14.850Z gwa4: The hardest thing of all for a soldier is to retreat.
2026-02-24T22:15:14.850Z gwa4: All warfare is based on deception.
2026-02-24T22:15:14.850Z gwa4: Never interrupt your enemy when he is making a mistake.
2026-02-24T22:15:14.851Z gwa4: It is well that war is so terrible, otherwise we should grow too fond of it.
2026-02-24T22:15:14.851Z gwa4: All warfare is based on deception.
